// Jest Snapshot v1, https://goo.gl/fbAQLP

exports[`should render correctly 1`] = `
<Fragment>
  <div
    className="carousel slide"
    data-bs-ride="carousel"
    id="carouselExampleCaptions"
  >
    <div
      className="carousel-indicators"
    >
      <button
        aria-current="true"
        aria-label="Slide 1"
        className="active"
        data-bs-slide-to="0"
        data-bs-target="#carouselExampleCaptions"
        type="button"
      />
      <button
        aria-label="Slide 2"
        data-bs-slide-to="1"
        data-bs-target="#carouselExampleCaptions"
        type="button"
      />
    </div>
    <div
      className="carousel-inner"
    >
      <div
        className="carousel-item active"
      >
        <img
          alt="..."
          className="d-block w-100"
          src="carousel-1.jpg"
          style={
            Object {
              "filter": " blur(1px)",
            }
          }
        />
        <div
          className="carousel-caption d-none d-md-block"
        >
          <div
            className="container"
          >
            <div
              className="row justify-content-start"
            >
              <Fade
                top={true}
              >
                <div
                  className="col my-5"
                >
                  <p
                    className="carousel_header text-uppercase fw-bold mb-2"
                  >
                    #The Best Bakery
                  </p>
                  <h1
                    className="display-1  mb-4 animated slideInDown carousel_detail"
                  >
                    We Bake With Passion
                  </h1>
                  <blockquote
                    className="blockquote mb-4"
                  >
                    <p>
                      <i
                        className="fas fa-quote-left fa-lg text-warning me-2"
                      />
                      <span
                        className="font-italic"
                      >
                        "Baking cookies is comforting, they are the sweetest little bit of comfort food. They are very bite-sized and personal.""
                      </span>
                    </p>
                  </blockquote>
                  <Link
                    className="carousel_btn btn rounded-pill py-3 px-5"
                    to="/about"
                  >
                    Read More
                  </Link>
                </div>
              </Fade>
            </div>
          </div>
        </div>
      </div>
      <div
        className="carousel-item"
      >
        <img
          alt="..."
          className=" d-block w-100"
          src="carousel-2.jpg"
          style={
            Object {
              "filter": " blur(1px)",
            }
          }
        />
        <div
          className="carousel-caption d-none d-md-block"
        >
          <div
            className="container"
          >
            <div
              className="row justify-content-start"
            >
              <Fade
                top={true}
              >
                <div
                  className="col my-5"
                >
                  <p
                    className="carousel_header text-uppercase fw-bold mb-2"
                  >
                    #The Best Bakery
                  </p>
                  <h1
                    className="display-1  mb-4 animated slideInDown carousel_detail"
                  >
                    We Bake With Passion
                  </h1>
                  <blockquote
                    className="blockquote mb-4"
                  >
                    <p>
                      <i
                        className="fas fa-quote-left fa-lg text-warning me-2"
                      />
                      <span
                        className="font-italic"
                      >
                        "Baking cookies is comforting, they are the sweetest little bit of comfort food. They are very bite-sized and personal."
                      </span>
                    </p>
                  </blockquote>
                  <Link
                    className="carousel_btn btn rounded-pill py-3 px-5"
                    to="/about"
                  >
                    Read More
                  </Link>
                </div>
              </Fade>
            </div>
          </div>
        </div>
      </div>
    </div>
    <button
      className="carousel-control-prev"
      data-bs-slide="prev"
      data-bs-target="#carouselExampleCaptions"
      type="button"
    >
      <span
        aria-hidden="true"
        className="carousel-control-prev-icon"
      />
      <span
        className="visually-hidden"
      >
        Previous
      </span>
    </button>
    <button
      className="carousel-control-next"
      data-bs-slide="next"
      data-bs-target="#carouselExampleCaptions"
      type="button"
    >
      <span
        aria-hidden="true"
        className="carousel-control-next-icon"
      />
      <span
        className="visually-hidden"
      >
        Next
      </span>
    </button>
  </div>
</Fragment>
`;
