// Jest Snapshot v1, https://goo.gl/fbAQLP

exports[`should render correctly 1`] = `
<BrowserRouter>
  <Suspense
    fallback={
      <div
        className="center spinner-grow text-warning"
        role="status"
      >
        <span
          className="sr-only"
        >
          Loading...
        </span>
      </div>
    }
  >
    <AuthProvider>
      <Switch>
        <Route
          component={[Function]}
          exact={true}
          path="/"
        />
        <Route
          component={
            Object {
              "$$typeof": Symbol(react.lazy),
              "_init": [Function],
              "_payload": Object {
                "_result": [Function],
                "_status": -1,
              },
            }
          }
          exact={true}
          path="/products/addproduct"
        />
        <Route
          component={
            Object {
              "$$typeof": Symbol(react.lazy),
              "_init": [Function],
              "_payload": Object {
                "_result": [Function],
                "_status": -1,
              },
            }
          }
          exact={true}
          path="/products/editproduct/:id"
        />
        <Route
          component={
            Object {
              "$$typeof": Symbol(react.lazy),
              "_init": [Function],
              "_payload": Object {
                "_result": [Function],
                "_status": -1,
              },
            }
          }
          exact={true}
          path="/products/:id"
        />
        <Route
          component={[Function]}
          path="/about"
        />
        <Route
          component={
            Object {
              "$$typeof": Symbol(react.lazy),
              "_init": [Function],
              "_payload": Object {
                "_result": [Function],
                "_status": -1,
              },
            }
          }
          path="/contactmessages"
        />
        <Route
          component={
            Object {
              "$$typeof": Symbol(react.lazy),
              "_init": [Function],
              "_payload": Object {
                "_result": [Function],
                "_status": -1,
              },
            }
          }
          path="/profile"
        />
        <Route
          component={
            Object {
              "$$typeof": Symbol(react.lazy),
              "_init": [Function],
              "_payload": Object {
                "_result": [Function],
                "_status": -1,
              },
            }
          }
          path="/forgotpassword"
        />
        <Route
          component={
            Object {
              "$$typeof": Symbol(react.lazy),
              "_init": [Function],
              "_payload": Object {
                "_result": [Function],
                "_status": -1,
              },
            }
          }
          path="/update-profile"
        />
        <Route
          component={[Function]}
          path="/signup"
        />
        <Route
          component={[Function]}
          path="/login"
        />
        <Route
          component={[Function]}
          path="/products"
        />
        <Route
          component={[Function]}
          path="/contact"
        />
      </Switch>
    </AuthProvider>
  </Suspense>
</BrowserRouter>
`;
