// Jest Snapshot v1, https://goo.gl/fbAQLP

exports[`should render correctly 1`] = `
<Fragment>
  <Navbar />
  <Suspense
    fallback={
      <div
        className="center spinner-grow text-warning"
        role="status"
      >
        <span
          className="sr-only"
        >
          Loading...
        </span>
      </div>
    }
  >
    <Fade
      bottom={true}
    >
      <div
        className="container-xxl py-6"
      >
        <div
          className="container"
        >
          <div
            className="text-center mx-auto mb-5 "
            style={
              Object {
                "maxwidth": "500px",
              }
            }
          >
            <p
              className="text-primary text-uppercase mb-2"
            >
              # Edit Product
            </p>
            <h1
              className="display-6 mb-4 Playfair"
            >
              Edit your favorite products here
            </h1>
          </div>
          <form>
            <div
              className="row g-0 justify-content-center"
            >
              <div
                className="col-lg-8 "
              >
                <div
                  className="row g-3"
                >
                  <div
                    className="col-md-6"
                  >
                    <div
                      className="form-floating"
                    >
                      <input
                        className="form-control"
                        id="name"
                        name="name"
                        onChange={[Function]}
                        type="text"
                        value=""
                      />
                      <label
                        className="form-label"
                        htmlFor="name"
                      >
                        Product Name
                      </label>
                    </div>
                  </div>
                  <div
                    className="col-md-6"
                  >
                    <div
                      className="form-floating"
                    >
                      <input
                        className="form-control"
                        id="price"
                        name="price"
                        onChange={[Function]}
                        type="text"
                        value=""
                      />
                      <label
                        className="form-label"
                        htmlFor="price"
                      >
                        Price
                      </label>
                    </div>
                  </div>
                  <div
                    className="col-md-6"
                  >
                    <div
                      className="form-floating"
                    >
                      <input
                        className="form-control"
                        id="egg"
                        name="egg"
                        onChange={[Function]}
                        type="text"
                        value=""
                      />
                      <label
                        className="form-label"
                        htmlFor="egg"
                      >
                        Contains Egg(Yes/No)
                      </label>
                    </div>
                  </div>
                  <div
                    className="col-md-6"
                  >
                    <div
                      className="form-floating"
                    >
                      <input
                        className="form-control"
                        id="vendor"
                        name="vendor"
                        onChange={[Function]}
                        type="text"
                        value=""
                      />
                      <label
                        className="form-label"
                        htmlFor="vendor"
                      >
                        Vendor
                      </label>
                    </div>
                  </div>
                  <div
                    className="col-12"
                  >
                    <div
                      className="form-floating"
                    >
                      <input
                        className="form-control"
                        id="img"
                        name="img"
                        onChange={[Function]}
                        type="text"
                        value=""
                      />
                      <label
                        className="form-label"
                        htmlFor="img"
                      >
                        Image URL
                      </label>
                    </div>
                  </div>
                  <div
                    className="col-12"
                  >
                    <div
                      className="form-floating"
                    >
                      <input
                        className="form-control"
                        id="description"
                        name="description"
                        onChange={[Function]}
                        type="text"
                        value=""
                      />
                      <label
                        className="form-label"
                        htmlFor="description"
                      >
                        Description
                      </label>
                    </div>
                  </div>
                  <div
                    className="col-md-6"
                  >
                    <div
                      className="form-floating"
                    >
                      <input
                        className="form-control"
                        id="ig1"
                        name="ig1"
                        onChange={[Function]}
                        type="text"
                        value=""
                      />
                      <label
                        className="form-label"
                        htmlFor="ig1"
                      >
                        Ingredient: 1
                      </label>
                    </div>
                  </div>
                  <div
                    className="col-md-6"
                  >
                    <div
                      className="form-floating"
                    >
                      <input
                        className="form-control"
                        id="ig2"
                        name="ig2"
                        onChange={[Function]}
                        type="text"
                        value=""
                      />
                      <label
                        className="form-label"
                        htmlFor="ig2"
                      >
                        Ingredient: 2
                      </label>
                    </div>
                  </div>
                  <div
                    className="col-md-6"
                  >
                    <div
                      className="form-floating"
                    >
                      <input
                        className="form-control"
                        id="ig3"
                        name="ig3"
                        onChange={[Function]}
                        type="text"
                        value=""
                      />
                      <label
                        className="form-label"
                        htmlFor="ig3"
                      >
                        Ingredient: 3
                      </label>
                    </div>
                  </div>
                  <div
                    className="col-md-6"
                  >
                    <div
                      className="form-floating"
                    >
                      <input
                        className="form-control"
                        id="ig4"
                        name="ig4"
                        onChange={[Function]}
                        type="text"
                        value=""
                      />
                      <label
                        className="form-label"
                        htmlFor="ig4"
                      >
                        Ingredient: 4
                      </label>
                    </div>
                  </div>
                  <div
                    className="col-12 text-center"
                  >
                    <button
                      className="form-control btn btn-primary rounded-pill py-3 px-5"
                      onClick={[Function]}
                    >
                      Edit
                    </button>
                  </div>
                  <div
                    className="w-100 text-center mt-2"
                  >
                    <Link
                      to="/products"
                    >
                      Cancel
                    </Link>
                  </div>
                </div>
              </div>
            </div>
          </form>
        </div>
      </div>
    </Fade>
  </Suspense>
  <Footer />
</Fragment>
`;
